// Jest Snapshot v1, https://goo.gl/fbAQLP

exports[`When the list has thematic breaks 1`] = `
Array [
  Object {
    "text": "",
  },
  Object {
    "children": Array [
      Object {
        "text": "foo",
      },
    ],
    "type": "paragraph",
  },
]
`;
