// Jest Snapshot v1, https://goo.gl/fbAQLP

exports[`Serialize a heading one from slate state to markdown 1`] = `
"---
"
`;
